[     944ms] [WARNING] quill Overwriting modules/magicUrl with function t(e,n){var r=this;!function(t,e){if(!(t instanceof e))throw new TypeError("Cannot call a class as a function")}(this,t),this.quill=e,n=n||{},this.options=d(d({},f),n),this.urlNormalizer=function(t){return r.normalize(t)},this.mailNormalizer=function(t){return"mailto:".concat(t)},this.registerTypeListener(),this.registerPasteListener(),this.registerBlurListener()} @ https://visipoint.uk/js/chunk-vendors.a2e1fdb1.js:311
[    1000ms] [WARNING] Tracking code is missing. Clarity will not be initialized. @ https://visipoint.uk/js/app.2bc90c3d.js:0
[    1015ms] [LOG] Socket connected:  false @ https://visipoint.uk/js/app.2bc90c3d.js:0
[    1062ms] [LOG] WebSocket connected. @ https://visipoint.uk/js/app.2bc90c3d.js:0
[    1181ms] [ERROR] Error: <path> attribute d: Expected number, "… 2.27861 12.4233C2.16267 12.3648…". @ https://visipoint.uk/js/chunk-vendors.a2e1fdb1.js:78
[    2105ms] [LOG] setHeaders {url: /survey-journeys} {status: success, message: get admin Preference successfully, data: Array(1)} @ https://visipoint.uk/js/app.2bc90c3d.js:0
[    2532ms] [LOG] setHeaders {url: /survey-journeys} {status: success, message: get admin Preference successfully, data: Array(1)} @ https://visipoint.uk/js/app.2bc90c3d.js:0
[    2654ms] [LOG] loading css https://cdnkm.helppier.com/widget/css/widget.css?10.6.7 ... @ :732
[    2655ms] [LOG] loading css https://cdnkm.helppier.com/widget/css/theme1.css?10.6.7 ... @ :735
[    2659ms] [LOG] loading script https://cdnkm.helppier.com/widget/59f7d73e61399c2a0092959e1d4e968d7be91430.js?meteor_js_resource=true @ :783
[    2659ms] [LOG] Requesting  https://cdnkm.helppier.com/widget/59f7d73e61399c2a0092959e1d4e968d7be91430.js?meteor_js_resource=true  as csp @ :804
[    4318ms] [DIR] undefined @ /imports/modules/tool.guides/widget/client/redux/helpers/init.default.action.helper.js:0
[   52416ms] [LOG] image  @ https://visipoint.uk/js/chunk-af6d6258.c29b82cd.js:0
[   52715ms] [LOG] qruserypes {status: success, message: User Types listed successfully., data: Array(0)} [] @ https://visipoint.uk/js/app.2bc90c3d.js:0
[   53655ms] [LOG] fetch {id: 8525ec99-5027-4084-9019-2f3a773af635, name: Survey, description: null, entity_id: 3ee6790d-196d-4470-b79e-bf1dc26681bb, logo: null} @ https://visipoint.uk/js/app.2bc90c3d.js:0
[   90512ms] [LOG] setHeaders {url: /survey-journeys} {status: success, message: get admin Preference successfully, data: Array(1)} @ https://visipoint.uk/js/app.2bc90c3d.js:0
[   90620ms] [LOG] setHeaders {url: /survey-journeys} {status: success, message: get admin Preference successfully, data: Array(1)} @ https://visipoint.uk/js/app.2bc90c3d.js:0
[  108767ms] [LOG] image  @ https://visipoint.uk/js/chunk-af6d6258.c29b82cd.js:0
[  158223ms] [LOG] setHeaders {url: /survey-journeys} {status: success, message: get admin Preference successfully, data: Array(1)} @ https://visipoint.uk/js/app.2bc90c3d.js:0
[  158330ms] [LOG] setHeaders {url: /survey-journeys} {status: success, message: get admin Preference successfully, data: Array(1)} @ https://visipoint.uk/js/app.2bc90c3d.js:0
